├─ MIT
│  ├─ axios@npm:0.24.0 (via npm:^0.24.0)
│  │  ├─ URL: https://github.com/axios/axios.git
│  │  ├─ VendorName: Matt Zabriskie
│  │  └─ VendorUrl: https://axios-http.com
│  ├─ ci-info@npm:2.0.0 (via npm:^2.0.0)
│  │  ├─ URL: https://github.com/watson/ci-info.git
│  │  ├─ VendorName: Thomas Watson Steen
│  │  └─ VendorUrl: https://github.com/watson/ci-info
│  ├─ follow-redirects@npm:1.14.8 [39e5c] (via npm:^1.14.4 [39e5c])
│  │  ├─ URL: git@github.com:follow-redirects/follow-redirects.git
│  │  ├─ VendorName: Ruben Verborgh
│  │  └─ VendorUrl: https://github.com/follow-redirects/follow-redirects
│  ├─ is-ci@npm:2.0.0 (via npm:^2.0.0)
│  │  ├─ URL: https://github.com/watson/is-ci.git
│  │  ├─ VendorName: Thomas Watson Steen
│  │  └─ VendorUrl: https://github.com/watson/is-ci
│  └─ is-promise@npm:3.0.0 (via npm:^3.0.0)
│     ├─ URL: https://github.com/then/is-promise.git
│     └─ VendorName: ForbesLindesay
│
├─ Apache-2.0
│  └─ caseless@npm:0.12.0 (via npm:^0.12.0)
│     ├─ URL: https://github.com/mikeal/caseless
│     └─ VendorName: Mikeal Rogers
│
└─ UNKNOWN
   ├─ package1@workspace:packages/package1 (via workspace:packages/package1)
   └─ test-package@workspace:. (via workspace:.)
