{"value":"MIT","children":{"axios@npm:1.6.1":{"value":{"locator":"axios@npm:1.6.1","descriptor":"axios@npm:^1.6.0"},"children":{"url":"https://github.com/axios/axios.git","vendorName":"Matt Zabriskie","vendorUrl":"https://axios-http.com"}},"has@npm:1.0.3":{"value":{"locator":"has@npm:1.0.3","descriptor":"has@npm:^1.0.3"},"children":{"url":"git://github.com/tarruda/has.git","vendorName":"Thiago de Arruda","vendorUrl":"https://github.com/tarruda/has"}},"is-ci@npm:1.2.1":{"value":{"locator":"is-ci@npm:1.2.1","descriptor":"is-ci@npm:^1.0.0"},"children":{"url":"https://github.com/watson/is-ci.git","vendorName":"Thomas Watson Steen","vendorUrl":"https://github.com/watson/is-ci"}},"is-ci@npm:2.0.0":{"value":{"locator":"is-ci@npm:2.0.0","descriptor":"is-ci@npm:^2.0.0"},"children":{"url":"https://github.com/watson/is-ci.git","vendorName":"Thomas Watson Steen","vendorUrl":"https://github.com/watson/is-ci"}},"is-function@npm:1.0.2":{"value":{"locator":"is-function@npm:1.0.2","descriptor":"is-function@npm:^1.0.2"},"children":{"url":"git://github.com/grncdr/js-is-function.git","vendorName":"Stephen Sugden","vendorUrl":"https://github.com/grncdr/js-is-function"}},"is-promise@npm:3.0.0":{"value":{"locator":"is-promise@npm:3.0.0","descriptor":"is-promise@npm:^3.0.0"},"children":{"url":"https://github.com/then/is-promise.git","vendorName":"ForbesLindesay"}},"is-promise@npm:4.0.0":{"value":{"locator":"is-promise@npm:4.0.0","descriptor":"is-promise@npm:^4.0.0"},"children":{"url":"https://github.com/then/is-promise.git","vendorName":"ForbesLindesay"}}}}
{"value":"Apache-2.0","children":{"caseless@npm:0.12.0":{"value":{"locator":"caseless@npm:0.12.0","descriptor":"caseless@npm:^0.12.0"},"children":{"url":"https://github.com/mikeal/caseless","vendorName":"Mikeal Rogers"}}}}
{"value":"UNKNOWN","children":{"package1@workspace:packages/package1":{"value":{"locator":"package1@workspace:packages/package1","descriptor":"package1@workspace:packages/package1"},"children":{}},"test-package@workspace:.":{"value":{"locator":"test-package@workspace:.","descriptor":"test-package@workspace:."},"children":{}}}}
