{"value":"UNKNOWN","children":{"@flocon-trpg/api-server@workspace:apps/api-server":{"value":{"locator":"@flocon-trpg/api-server@workspace:apps/api-server","descriptor":"@flocon-trpg/api-server@workspace:apps/api-server"},"children":{}},"@flocon-trpg/cache@workspace:packages/cache":{"value":{"locator":"@flocon-trpg/cache@workspace:packages/cache","descriptor":"@flocon-trpg/cache@workspace:packages/cache"},"children":{}},"@flocon-trpg/core@workspace:packages/core":{"value":{"locator":"@flocon-trpg/core@workspace:packages/core","descriptor":"@flocon-trpg/core@workspace:packages/core"},"children":{}},"@flocon-trpg/web-server@workspace:apps/web-server":{"value":{"locator":"@flocon-trpg/web-server@workspace:apps/web-server","descriptor":"@flocon-trpg/web-server@workspace:apps/web-server"},"children":{}}}}
{"value":"MIT","children":{"@kizahasi/option@npm:1.1.0":{"value":{"locator":"@kizahasi/option@npm:1.1.0","descriptor":"@kizahasi/option@npm:^1.1.0"},"children":{"url":"https://github.com/kizahasi/option","vendorName":"kizahasi"}},"@kizahasi/result@npm:1.1.0":{"value":{"locator":"@kizahasi/result@npm:1.1.0","descriptor":"@kizahasi/result@npm:^1.1.0"},"children":{"url":"https://github.com/kizahasi/result","vendorName":"kizahasi"}},"@types/prop-types@npm:15.7.5":{"value":{"locator":"@types/prop-types@npm:15.7.5","descriptor":"@types/prop-types@npm:*"},"children":{"url":"https://github.com/DefinitelyTyped/DefinitelyTyped.git","vendorUrl":"https://github.com/DefinitelyTyped/DefinitelyTyped/tree/master/types/prop-types"}},"@types/react@npm:18.0.21":{"value":{"locator":"@types/react@npm:18.0.21","descriptor":"@types/react@npm:^18.0.21"},"children":{"url":"https://github.com/DefinitelyTyped/DefinitelyTyped.git","vendorUrl":"https://github.com/DefinitelyTyped/DefinitelyTyped/tree/master/types/react"}},"@types/scheduler@npm:0.16.2":{"value":{"locator":"@types/scheduler@npm:0.16.2","descriptor":"@types/scheduler@npm:*"},"children":{"url":"https://github.com/DefinitelyTyped/DefinitelyTyped.git","vendorUrl":"https://github.com/DefinitelyTyped/DefinitelyTyped/tree/master/types/scheduler"}},"@zeit/schemas@npm:2.21.0":{"value":{"locator":"@zeit/schemas@npm:2.21.0","descriptor":"@zeit/schemas@npm:2.21.0"},"children":{"vendorName":"leo"}},"accepts@npm:1.3.8":{"value":{"locator":"accepts@npm:1.3.8","descriptor":"accepts@npm:~1.3.5"},"children":{}},"ajv@npm:8.11.0":{"value":{"locator":"ajv@npm:8.11.0","descriptor":"ajv@npm:8.11.0"},"children":{"url":"https://ajv.js.org","vendorName":"Evgeny Poberezkin","vendorUrl":"https://ajv.js.org"}},"ansi-regex@npm:5.0.1":{"value":{"locator":"ansi-regex@npm:5.0.1","descriptor":"ansi-regex@npm:^5.0.1"},"children":{"vendorName":"Sindre Sorhus","vendorUrl":"sindresorhus.com"}},"ansi-regex@npm:6.0.1":{"value":{"locator":"ansi-regex@npm:6.0.1","descriptor":"ansi-regex@npm:^6.0.1"},"children":{"vendorName":"Sindre Sorhus","vendorUrl":"https://sindresorhus.com"}},"ansi-styles@npm:4.3.0":{"value":{"locator":"ansi-styles@npm:4.3.0","descriptor":"ansi-styles@npm:^4.1.0"},"children":{"vendorName":"Sindre Sorhus","vendorUrl":"sindresorhus.com"}},"ansi-styles@npm:6.1.1":{"value":{"locator":"ansi-styles@npm:6.1.1","descriptor":"ansi-styles@npm:^6.1.0"},"children":{"vendorName":"Sindre Sorhus","vendorUrl":"https://sindresorhus.com"}},"arch@npm:2.2.0":{"value":{"locator":"arch@npm:2.2.0","descriptor":"arch@npm:^2.2.0"},"children":{"url":"git://github.com/feross/arch.git","vendorName":"Feross Aboukhadijeh","vendorUrl":"https://github.com/feross/arch"}},"arg@npm:5.0.2":{"value":{"locator":"arg@npm:5.0.2","descriptor":"arg@npm:5.0.2"},"children":{"vendorName":"Josh Junon"}},"axios@npm:0.24.0":{"value":{"locator":"axios@npm:0.24.0","descriptor":"axios@npm:^0.24.0"},"children":{"url":"https://github.com/axios/axios.git","vendorName":"Matt Zabriskie","vendorUrl":"https://axios-http.com"}},"balanced-match@npm:1.0.2":{"value":{"locator":"balanced-match@npm:1.0.2","descriptor":"balanced-match@npm:^1.0.0"},"children":{"url":"git://github.com/juliangruber/balanced-match.git","vendorName":"Julian Gruber","vendorUrl":"https://github.com/juliangruber/balanced-match"}},"boxen@npm:7.0.0":{"value":{"locator":"boxen@npm:7.0.0","descriptor":"boxen@npm:7.0.0"},"children":{"vendorName":"Sindre Sorhus","vendorUrl":"https://sindresorhus.com"}},"brace-expansion@npm:1.1.11":{"value":{"locator":"brace-expansion@npm:1.1.11","descriptor":"brace-expansion@npm:^1.1.7"},"children":{"url":"git://github.com/juliangruber/brace-expansion.git","vendorName":"Julian Gruber","vendorUrl":"https://github.com/juliangruber/brace-expansion"}},"bytes@npm:3.0.0":{"value":{"locator":"bytes@npm:3.0.0","descriptor":"bytes@npm:3.0.0"},"children":{"vendorName":"TJ Holowaychuk","vendorUrl":"http://tjholowaychuk.com"}},"camelcase@npm:7.0.0":{"value":{"locator":"camelcase@npm:7.0.0","descriptor":"camelcase@npm:^7.0.0"},"children":{"vendorName":"Sindre Sorhus","vendorUrl":"https://sindresorhus.com"}},"chalk@npm:5.0.1":{"value":{"locator":"chalk@npm:5.0.1","descriptor":"chalk@npm:^5.0.1"},"children":{}},"chalk@npm:4.1.2":{"value":{"locator":"chalk@npm:4.1.2","descriptor":"chalk@npm:^4.1.2"},"children":{}},"chalk-template@npm:0.4.0":{"value":{"locator":"chalk-template@npm:0.4.0","descriptor":"chalk-template@npm:0.4.0"},"children":{}},"ci-info@npm:2.0.0":{"value":{"locator":"ci-info@npm:2.0.0","descriptor":"ci-info@npm:^2.0.0"},"children":{"url":"https://github.com/watson/ci-info.git","vendorName":"Thomas Watson Steen","vendorUrl":"https://github.com/watson/ci-info"}},"cli-boxes@npm:3.0.0":{"value":{"locator":"cli-boxes@npm:3.0.0","descriptor":"cli-boxes@npm:^3.0.0"},"children":{"vendorName":"Sindre Sorhus","vendorUrl":"https://sindresorhus.com"}},"clipboardy@npm:3.0.0":{"value":{"locator":"clipboardy@npm:3.0.0","descriptor":"clipboardy@npm:3.0.0"},"children":{"vendorName":"Sindre Sorhus","vendorUrl":"https://sindresorhus.com"}},"color-convert@npm:2.0.1":{"value":{"locator":"color-convert@npm:2.0.1","descriptor":"color-convert@npm:^2.0.1"},"children":{"vendorName":"Heather Arthur"}},"color-name@npm:1.1.4":{"value":{"locator":"color-name@npm:1.1.4","descriptor":"color-name@npm:~1.1.4"},"children":{"url":"git@github.com:colorjs/color-name.git","vendorName":"DY","vendorUrl":"https://github.com/colorjs/color-name"}},"compressible@npm:2.0.18":{"value":{"locator":"compressible@npm:2.0.18","descriptor":"compressible@npm:~2.0.16"},"children":{}},"compression@npm:1.7.4":{"value":{"locator":"compression@npm:1.7.4","descriptor":"compression@npm:1.7.4"},"children":{}},"concat-map@npm:0.0.1":{"value":{"locator":"concat-map@npm:0.0.1","descriptor":"concat-map@npm:0.0.1"},"children":{"url":"git://github.com/substack/node-concat-map.git","vendorName":"James Halliday","vendorUrl":"http://substack.net"}},"content-disposition@npm:0.5.2":{"value":{"locator":"content-disposition@npm:0.5.2","descriptor":"content-disposition@npm:0.5.2"},"children":{}},"cross-spawn@npm:7.0.3":{"value":{"locator":"cross-spawn@npm:7.0.3","descriptor":"cross-spawn@npm:^7.0.3"},"children":{"url":"git@github.com:moxystudio/node-cross-spawn.git","vendorName":"Andr√© Cruz","vendorUrl":"https://github.com/moxystudio/node-cross-spawn"}},"csstype@npm:3.1.1":{"value":{"locator":"csstype@npm:3.1.1","descriptor":"csstype@npm:^3.0.2"},"children":{"vendorName":"Fredrik Nicol"}},"debug@virtual:e0cd6afa69db469de21c754be1546e018ea723a8653bf7c1fdbb52b3d67b9c4065461f2d7632852c8644c3b36b5304269483ba2eb51ad39f9eae03847036d7a9#npm:2.6.9":{"value":{"locator":"debug@virtual:e0cd6afa69db469de21c754be1546e018ea723a8653bf7c1fdbb52b3d67b9c4065461f2d7632852c8644c3b36b5304269483ba2eb51ad39f9eae03847036d7a9#npm:2.6.9","descriptor":"debug@virtual:e0cd6afa69db469de21c754be1546e018ea723a8653bf7c1fdbb52b3d67b9c4065461f2d7632852c8644c3b36b5304269483ba2eb51ad39f9eae03847036d7a9#npm:2.6.9"},"children":{"url":"git://github.com/visionmedia/debug.git","vendorName":"TJ Holowaychuk"}},"deep-extend@npm:0.6.0":{"value":{"locator":"deep-extend@npm:0.6.0","descriptor":"deep-extend@npm:^0.6.0"},"children":{"url":"git://github.com/unclechu/node-deep-extend.git","vendorName":"Viacheslav Lotsmanov","vendorUrl":"https://github.com/unclechu/node-deep-extend"}},"eastasianwidth@npm:0.2.0":{"value":{"locator":"eastasianwidth@npm:0.2.0","descriptor":"eastasianwidth@npm:^0.2.0"},"children":{"vendorName":"Masaki Komagata"}},"emoji-regex@npm:8.0.0":{"value":{"locator":"emoji-regex@npm:8.0.0","descriptor":"emoji-regex@npm:^8.0.0"},"children":{"url":"https://github.com/mathiasbynens/emoji-regex.git","vendorName":"Mathias Bynens","vendorUrl":"https://mths.be/emoji-regex"}},"emoji-regex@npm:9.2.2":{"value":{"locator":"emoji-regex@npm:9.2.2","descriptor":"emoji-regex@npm:^9.2.2"},"children":{"url":"https://github.com/mathiasbynens/emoji-regex.git","vendorName":"Mathias Bynens","vendorUrl":"https://mths.be/emoji-regex"}},"execa@npm:5.1.1":{"value":{"locator":"execa@npm:5.1.1","descriptor":"execa@npm:^5.1.1"},"children":{"vendorName":"Sindre Sorhus","vendorUrl":"https://sindresorhus.com"}},"fast-deep-equal@npm:3.1.3":{"value":{"locator":"fast-deep-equal@npm:3.1.3","descriptor":"fast-deep-equal@npm:^3.1.1"},"children":{"url":"git+https://github.com/epoberezkin/fast-deep-equal.git","vendorName":"Evgeny Poberezkin","vendorUrl":"https://github.com/epoberezkin/fast-deep-equal#readme"}},"fast-url-parser@npm:1.1.3":{"value":{"locator":"fast-url-parser@npm:1.1.3","descriptor":"fast-url-parser@npm:1.1.3"},"children":{"url":"git://github.com/petkaantonov/urlparser.git","vendorName":"Petka Antonov","vendorUrl":"https://github.com/petkaantonov/urlparser"}},"follow-redirects@virtual:39e5c1e79ea63134f0cf339f4463df92854aaf708a45210afd29a0b4b9f67f95b34a1abbcabaae6d0033ad99a1d5f690ab51ed8e5d3283b87ccbc3a9ab3ec05f#npm:1.14.8":{"value":{"locator":"follow-redirects@virtual:39e5c1e79ea63134f0cf339f4463df92854aaf708a45210afd29a0b4b9f67f95b34a1abbcabaae6d0033ad99a1d5f690ab51ed8e5d3283b87ccbc3a9ab3ec05f#npm:1.14.8","descriptor":"follow-redirects@virtual:39e5c1e79ea63134f0cf339f4463df92854aaf708a45210afd29a0b4b9f67f95b34a1abbcabaae6d0033ad99a1d5f690ab51ed8e5d3283b87ccbc3a9ab3ec05f#npm:^1.14.4"},"children":{"url":"git@github.com:follow-redirects/follow-redirects.git","vendorName":"Ruben Verborgh","vendorUrl":"https://github.com/follow-redirects/follow-redirects"}},"get-stream@npm:6.0.1":{"value":{"locator":"get-stream@npm:6.0.1","descriptor":"get-stream@npm:^6.0.0"},"children":{"vendorName":"Sindre Sorhus","vendorUrl":"https://sindresorhus.com"}},"has-flag@npm:4.0.0":{"value":{"locator":"has-flag@npm:4.0.0","descriptor":"has-flag@npm:^4.0.0"},"children":{"vendorName":"Sindre Sorhus","vendorUrl":"sindresorhus.com"}},"is-ci@npm:2.0.0":{"value":{"locator":"is-ci@npm:2.0.0","descriptor":"is-ci@npm:^2.0.0"},"children":{"url":"https://github.com/watson/is-ci.git","vendorName":"Thomas Watson Steen","vendorUrl":"https://github.com/watson/is-ci"}},"is-docker@npm:2.2.1":{"value":{"locator":"is-docker@npm:2.2.1","descriptor":"is-docker@npm:^2.0.0"},"children":{"vendorName":"Sindre Sorhus","vendorUrl":"https://sindresorhus.com"}},"is-fullwidth-code-point@npm:3.0.0":{"value":{"locator":"is-fullwidth-code-point@npm:3.0.0","descriptor":"is-fullwidth-code-point@npm:^3.0.0"},"children":{"vendorName":"Sindre Sorhus","vendorUrl":"sindresorhus.com"}},"is-port-reachable@npm:4.0.0":{"value":{"locator":"is-port-reachable@npm:4.0.0","descriptor":"is-port-reachable@npm:4.0.0"},"children":{"vendorName":"Sindre Sorhus","vendorUrl":"https://sindresorhus.com"}},"is-promise@npm:3.0.0":{"value":{"locator":"is-promise@npm:3.0.0","descriptor":"is-promise@npm:^3.0.0"},"children":{"url":"https://github.com/then/is-promise.git","vendorName":"ForbesLindesay"}},"is-stream@npm:2.0.1":{"value":{"locator":"is-stream@npm:2.0.1","descriptor":"is-stream@npm:^2.0.0"},"children":{"vendorName":"Sindre Sorhus","vendorUrl":"https://sindresorhus.com"}},"is-wsl@npm:2.2.0":{"value":{"locator":"is-wsl@npm:2.2.0","descriptor":"is-wsl@npm:^2.2.0"},"children":{"vendorName":"Sindre Sorhus","vendorUrl":"sindresorhus.com"}},"js-tokens@npm:4.0.0":{"value":{"locator":"js-tokens@npm:4.0.0","descriptor":"js-tokens@npm:^3.0.0 || ^4.0.0"},"children":{"vendorName":"Simon Lydell"}},"json-schema-traverse@npm:1.0.0":{"value":{"locator":"json-schema-traverse@npm:1.0.0","descriptor":"json-schema-traverse@npm:^1.0.0"},"children":{"url":"git+https://github.com/epoberezkin/json-schema-traverse.git","vendorName":"Evgeny Poberezkin","vendorUrl":"https://github.com/epoberezkin/json-schema-traverse#readme"}},"loose-envify@npm:1.4.0":{"value":{"locator":"loose-envify@npm:1.4.0","descriptor":"loose-envify@npm:^1.1.0"},"children":{"url":"git://github.com/zertosh/loose-envify.git","vendorName":"Andres Suarez","vendorUrl":"https://github.com/zertosh/loose-envify"}},"merge-stream@npm:2.0.0":{"value":{"locator":"merge-stream@npm:2.0.0","descriptor":"merge-stream@npm:^2.0.0"},"children":{"vendorName":"Stephen Sugden"}},"mime-db@npm:1.52.0":{"value":{"locator":"mime-db@npm:1.52.0","descriptor":"mime-db@npm:>= 1.43.0 < 2"},"children":{}},"mime-db@npm:1.33.0":{"value":{"locator":"mime-db@npm:1.33.0","descriptor":"mime-db@npm:~1.33.0"},"children":{}},"mime-types@npm:2.1.18":{"value":{"locator":"mime-types@npm:2.1.18","descriptor":"mime-types@npm:2.1.18"},"children":{}},"mime-types@npm:2.1.35":{"value":{"locator":"mime-types@npm:2.1.35","descriptor":"mime-types@npm:~2.1.34"},"children":{}},"mimic-fn@npm:2.1.0":{"value":{"locator":"mimic-fn@npm:2.1.0","descriptor":"mimic-fn@npm:^2.1.0"},"children":{"vendorName":"Sindre Sorhus","vendorUrl":"sindresorhus.com"}},"minimist@npm:1.2.6":{"value":{"locator":"minimist@npm:1.2.6","descriptor":"minimist@npm:^1.2.0"},"children":{"url":"git://github.com/substack/minimist.git","vendorName":"James Halliday","vendorUrl":"https://github.com/substack/minimist"}},"ms@npm:2.0.0":{"value":{"locator":"ms@npm:2.0.0","descriptor":"ms@npm:2.0.0"},"children":{}},"negotiator@npm:0.6.3":{"value":{"locator":"negotiator@npm:0.6.3","descriptor":"negotiator@npm:0.6.3"},"children":{}},"npm-run-path@npm:4.0.1":{"value":{"locator":"npm-run-path@npm:4.0.1","descriptor":"npm-run-path@npm:^4.0.1"},"children":{"vendorName":"Sindre Sorhus","vendorUrl":"sindresorhus.com"}},"on-headers@npm:1.0.2":{"value":{"locator":"on-headers@npm:1.0.2","descriptor":"on-headers@npm:~1.0.2"},"children":{"vendorName":"Douglas Christopher Wilson"}},"onetime@npm:5.1.2":{"value":{"locator":"onetime@npm:5.1.2","descriptor":"onetime@npm:^5.1.2"},"children":{"vendorName":"Sindre Sorhus","vendorUrl":"https://sindresorhus.com"}},"path-key@npm:3.1.1":{"value":{"locator":"path-key@npm:3.1.1","descriptor":"path-key@npm:^3.1.0"},"children":{"vendorName":"Sindre Sorhus","vendorUrl":"sindresorhus.com"}},"path-to-regexp@npm:2.2.1":{"value":{"locator":"path-to-regexp@npm:2.2.1","descriptor":"path-to-regexp@npm:2.2.1"},"children":{"url":"https://github.com/pillarjs/path-to-regexp.git"}},"punycode@npm:1.4.1":{"value":{"locator":"punycode@npm:1.4.1","descriptor":"punycode@npm:^1.3.2"},"children":{"url":"https://github.com/bestiejs/punycode.js.git","vendorName":"Mathias Bynens","vendorUrl":"https://mths.be/punycode"}},"punycode@npm:2.1.1":{"value":{"locator":"punycode@npm:2.1.1","descriptor":"punycode@npm:^2.1.0"},"children":{"url":"https://github.com/bestiejs/punycode.js.git","vendorName":"Mathias Bynens","vendorUrl":"https://mths.be/punycode"}},"range-parser@npm:1.2.0":{"value":{"locator":"range-parser@npm:1.2.0","descriptor":"range-parser@npm:1.2.0"},"children":{"vendorName":"TJ Holowaychuk","vendorUrl":"http://tjholowaychuk.com"}},"react@npm:18.2.0":{"value":{"locator":"react@npm:18.2.0","descriptor":"react@npm:^18.2.0"},"children":{"url":"https://github.com/facebook/react.git","vendorUrl":"https://reactjs.org/"}},"registry-auth-token@npm:3.3.2":{"value":{"locator":"registry-auth-token@npm:3.3.2","descriptor":"registry-auth-token@npm:3.3.2"},"children":{"url":"git+ssh://git@github.com/rexxars/registry-auth-token.git","vendorName":"Espen Hovlandsdal","vendorUrl":"https://github.com/rexxars/registry-auth-token#readme"}},"registry-url@npm:3.1.0":{"value":{"locator":"registry-url@npm:3.1.0","descriptor":"registry-url@npm:3.1.0"},"children":{"vendorName":"Sindre Sorhus","vendorUrl":"sindresorhus.com"}},"require-from-string@npm:2.0.2":{"value":{"locator":"require-from-string@npm:2.0.2","descriptor":"require-from-string@npm:^2.0.2"},"children":{"vendorName":"Vsevolod Strukchinsky","vendorUrl":"github.com/floatdrop"}},"safe-buffer@npm:5.1.2":{"value":{"locator":"safe-buffer@npm:5.1.2","descriptor":"safe-buffer@npm:5.1.2"},"children":{"url":"git://github.com/feross/safe-buffer.git","vendorName":"Feross Aboukhadijeh","vendorUrl":"https://github.com/feross/safe-buffer"}},"safe-buffer@npm:5.2.1":{"value":{"locator":"safe-buffer@npm:5.2.1","descriptor":"safe-buffer@npm:^5.0.1"},"children":{"url":"git://github.com/feross/safe-buffer.git","vendorName":"Feross Aboukhadijeh","vendorUrl":"https://github.com/feross/safe-buffer"}},"serve@npm:14.0.1":{"value":{"locator":"serve@npm:14.0.1","descriptor":"serve@npm:^14.0.1"},"children":{}},"serve-handler@npm:6.1.3":{"value":{"locator":"serve-handler@npm:6.1.3","descriptor":"serve-handler@npm:6.1.3"},"children":{"vendorName":"leo"}},"shebang-command@npm:2.0.0":{"value":{"locator":"shebang-command@npm:2.0.0","descriptor":"shebang-command@npm:^2.0.0"},"children":{"vendorName":"Kevin M√•rtensson","vendorUrl":"github.com/kevva"}},"shebang-regex@npm:3.0.0":{"value":{"locator":"shebang-regex@npm:3.0.0","descriptor":"shebang-regex@npm:^3.0.0"},"children":{"vendorName":"Sindre Sorhus","vendorUrl":"sindresorhus.com"}},"string-width@npm:4.2.3":{"value":{"locator":"string-width@npm:4.2.3","descriptor":"string-width@npm:^4.1.0"},"children":{"vendorName":"Sindre Sorhus","vendorUrl":"sindresorhus.com"}},"string-width@npm:5.1.2":{"value":{"locator":"string-width@npm:5.1.2","descriptor":"string-width@npm:^5.1.2"},"children":{"vendorName":"Sindre Sorhus","vendorUrl":"https://sindresorhus.com"}},"strip-ansi@npm:6.0.1":{"value":{"locator":"strip-ansi@npm:6.0.1","descriptor":"strip-ansi@npm:^6.0.1"},"children":{"vendorName":"Sindre Sorhus","vendorUrl":"sindresorhus.com"}},"strip-ansi@npm:7.0.1":{"value":{"locator":"strip-ansi@npm:7.0.1","descriptor":"strip-ansi@npm:^7.0.1"},"children":{"vendorName":"Sindre Sorhus","vendorUrl":"https://sindresorhus.com"}},"strip-final-newline@npm:2.0.0":{"value":{"locator":"strip-final-newline@npm:2.0.0","descriptor":"strip-final-newline@npm:^2.0.0"},"children":{"vendorName":"Sindre Sorhus","vendorUrl":"sindresorhus.com"}},"strip-json-comments@npm:2.0.1":{"value":{"locator":"strip-json-comments@npm:2.0.1","descriptor":"strip-json-comments@npm:~2.0.1"},"children":{"vendorName":"Sindre Sorhus","vendorUrl":"sindresorhus.com"}},"supports-color@npm:7.2.0":{"value":{"locator":"supports-color@npm:7.2.0","descriptor":"supports-color@npm:^7.1.0"},"children":{"vendorName":"Sindre Sorhus","vendorUrl":"sindresorhus.com"}},"update-check@npm:1.5.4":{"value":{"locator":"update-check@npm:1.5.4","descriptor":"update-check@npm:1.5.4"},"children":{"vendorName":"leo"}},"vary@npm:1.1.2":{"value":{"locator":"vary@npm:1.1.2","descriptor":"vary@npm:~1.1.2"},"children":{"vendorName":"Douglas Christopher Wilson"}},"widest-line@npm:4.0.1":{"value":{"locator":"widest-line@npm:4.0.1","descriptor":"widest-line@npm:^4.0.1"},"children":{"vendorName":"Sindre Sorhus","vendorUrl":"https://sindresorhus.com"}},"wrap-ansi@npm:8.0.1":{"value":{"locator":"wrap-ansi@npm:8.0.1","descriptor":"wrap-ansi@npm:^8.0.1"},"children":{"vendorName":"Sindre Sorhus","vendorUrl":"https://sindresorhus.com"}}}}
{"value":"ISC","children":{"ansi-align@npm:3.0.1":{"value":{"locator":"ansi-align@npm:3.0.1","descriptor":"ansi-align@npm:^3.0.1"},"children":{"url":"git+https://github.com/nexdrew/ansi-align.git","vendorName":"nexdrew","vendorUrl":"https://github.com/nexdrew/ansi-align#readme"}},"ini@npm:1.3.8":{"value":{"locator":"ini@npm:1.3.8","descriptor":"ini@npm:~1.3.0"},"children":{"url":"git://github.com/isaacs/ini.git","vendorName":"Isaac Z. Schlueter","vendorUrl":"http://blog.izs.me/"}},"isexe@npm:2.0.0":{"value":{"locator":"isexe@npm:2.0.0","descriptor":"isexe@npm:^2.0.0"},"children":{"url":"git+https://github.com/isaacs/isexe.git","vendorName":"Isaac Z. Schlueter","vendorUrl":"https://github.com/isaacs/isexe#readme"}},"minimatch@npm:3.0.4":{"value":{"locator":"minimatch@npm:3.0.4","descriptor":"minimatch@npm:3.0.4"},"children":{"url":"git://github.com/isaacs/minimatch.git","vendorName":"Isaac Z. Schlueter","vendorUrl":"http://blog.izs.me"}},"signal-exit@npm:3.0.7":{"value":{"locator":"signal-exit@npm:3.0.7","descriptor":"signal-exit@npm:^3.0.3"},"children":{"url":"https://github.com/tapjs/signal-exit.git","vendorName":"Ben Coe","vendorUrl":"https://github.com/tapjs/signal-exit"}},"which@npm:2.0.2":{"value":{"locator":"which@npm:2.0.2","descriptor":"which@npm:^2.0.1"},"children":{"url":"git://github.com/isaacs/node-which.git","vendorName":"Isaac Z. Schlueter","vendorUrl":"http://blog.izs.me"}}}}
{"value":"Apache-2.0","children":{"caseless@npm:0.12.0":{"value":{"locator":"caseless@npm:0.12.0","descriptor":"caseless@npm:^0.12.0"},"children":{"url":"https://github.com/mikeal/caseless","vendorName":"Mikeal Rogers"}},"human-signals@npm:2.1.0":{"value":{"locator":"human-signals@npm:2.1.0","descriptor":"human-signals@npm:^2.1.0"},"children":{"url":"https://git.io/JeluP","vendorName":"ehmicky","vendorUrl":"https://git.io/JeluP"}}}}
{"value":"(WTFPL OR MIT)","children":{"path-is-inside@npm:1.0.2":{"value":{"locator":"path-is-inside@npm:1.0.2","descriptor":"path-is-inside@npm:1.0.2"},"children":{"vendorName":"Domenic Denicola","vendorUrl":"https://domenic.me"}}}}
{"value":"(BSD-2-Clause OR MIT OR Apache-2.0)","children":{"rc@npm:1.2.8":{"value":{"locator":"rc@npm:1.2.8","descriptor":"rc@npm:^1.1.6"},"children":{"url":"https://github.com/dominictarr/rc.git","vendorName":"Dominic Tarr","vendorUrl":"dominictarr.com"}}}}
{"value":"(MIT OR CC0-1.0)","children":{"type-fest@npm:2.19.0":{"value":{"locator":"type-fest@npm:2.19.0","descriptor":"type-fest@npm:^2.13.0"},"children":{"vendorName":"Sindre Sorhus","vendorUrl":"https://sindresorhus.com"}}}}
{"value":"BSD-2-Clause","children":{"uri-js@npm:4.4.1":{"value":{"locator":"uri-js@npm:4.4.1","descriptor":"uri-js@npm:^4.2.2"},"children":{"url":"http://github.com/garycourt/uri-js","vendorName":"Gary Court","vendorUrl":"https://github.com/garycourt/uri-js"}}}}
