└─ UNKNOWN
   └─ package2@workspace:packages/package2 (via workspace:packages/package2)
