├─ UNKNOWN
│  ├─ @flocon-trpg/api-server@workspace:apps/api-server (via workspace:apps/api-server)
│  ├─ @flocon-trpg/cache@workspace:packages/cache (via workspace:packages/cache)
│  ├─ @flocon-trpg/core@workspace:packages/core (via workspace:packages/core)
│  └─ @flocon-trpg/web-server@workspace:apps/web-server (via workspace:apps/web-server)
│
├─ MIT
│  ├─ @kizahasi/option@npm:1.1.0 (via npm:^1.1.0)
│  │  ├─ URL: https://github.com/kizahasi/option
│  │  └─ VendorName: kizahasi
│  ├─ axios@npm:0.24.0 (via npm:^0.24.0)
│  │  ├─ URL: https://github.com/axios/axios.git
│  │  ├─ VendorName: Matt Zabriskie
│  │  └─ VendorUrl: https://axios-http.com
│  ├─ ci-info@npm:2.0.0 (via npm:^2.0.0)
│  │  ├─ URL: https://github.com/watson/ci-info.git
│  │  ├─ VendorName: Thomas Watson Steen
│  │  └─ VendorUrl: https://github.com/watson/ci-info
│  ├─ follow-redirects@npm:1.14.8 [39e5c] (via npm:^1.14.4 [39e5c])
│  │  ├─ URL: git@github.com:follow-redirects/follow-redirects.git
│  │  ├─ VendorName: Ruben Verborgh
│  │  └─ VendorUrl: https://github.com/follow-redirects/follow-redirects
│  ├─ is-ci@npm:2.0.0 (via npm:^2.0.0)
│  │  ├─ URL: https://github.com/watson/is-ci.git
│  │  ├─ VendorName: Thomas Watson Steen
│  │  └─ VendorUrl: https://github.com/watson/is-ci
│  ├─ is-promise@npm:3.0.0 (via npm:^3.0.0)
│  │  ├─ URL: https://github.com/then/is-promise.git
│  │  └─ VendorName: ForbesLindesay
│  ├─ js-tokens@npm:4.0.0 (via npm:^3.0.0 || ^4.0.0)
│  │  └─ VendorName: Simon Lydell
│  ├─ loose-envify@npm:1.4.0 (via npm:^1.1.0)
│  │  ├─ URL: git://github.com/zertosh/loose-envify.git
│  │  ├─ VendorName: Andres Suarez
│  │  └─ VendorUrl: https://github.com/zertosh/loose-envify
│  └─ react@npm:18.2.0 (via npm:^18.2.0)
│     ├─ URL: https://github.com/facebook/react.git
│     └─ VendorUrl: https://reactjs.org/
│
└─ Apache-2.0
   └─ caseless@npm:0.12.0 (via npm:^0.12.0)
      ├─ URL: https://github.com/mikeal/caseless
      └─ VendorName: Mikeal Rogers
