├─ MIT
│  └─ has-tostringtag@npm:1.0.2 (via npm:^1.0.0)
│     ├─ URL: git+https://github.com/inspect-js/has-tostringtag.git
│     ├─ VendorName: Jordan Harband
│     └─ VendorUrl: https://github.com/inspect-js/has-tostringtag#readme
│
└─ UNKNOWN
   └─ package2@workspace:packages/package2 (via workspace:packages/package2)
