├─ MIT
│  ├─ axios@npm:1.6.1 (via npm:^1.6.0)
│  │  ├─ URL: https://github.com/axios/axios.git
│  │  ├─ VendorName: Matt Zabriskie
│  │  └─ VendorUrl: https://axios-http.com
│  ├─ has@npm:1.0.3 (via npm:^1.0.3)
│  │  ├─ URL: git://github.com/tarruda/has.git
│  │  ├─ VendorName: Thiago de Arruda
│  │  └─ VendorUrl: https://github.com/tarruda/has
│  ├─ is-ci@npm:1.2.1 (via npm:^1.0.0)
│  │  ├─ URL: https://github.com/watson/is-ci.git
│  │  ├─ VendorName: Thomas Watson Steen
│  │  └─ VendorUrl: https://github.com/watson/is-ci
│  ├─ is-ci@npm:2.0.0 (via npm:^2.0.0)
│  │  ├─ URL: https://github.com/watson/is-ci.git
│  │  ├─ VendorName: Thomas Watson Steen
│  │  └─ VendorUrl: https://github.com/watson/is-ci
│  ├─ is-function@npm:1.0.2 (via npm:^1.0.2)
│  │  ├─ URL: git://github.com/grncdr/js-is-function.git
│  │  ├─ VendorName: Stephen Sugden
│  │  └─ VendorUrl: https://github.com/grncdr/js-is-function
│  ├─ is-promise@npm:3.0.0 (via npm:^3.0.0)
│  │  ├─ URL: https://github.com/then/is-promise.git
│  │  └─ VendorName: ForbesLindesay
│  └─ is-promise@npm:4.0.0 (via npm:^4.0.0)
│     ├─ URL: https://github.com/then/is-promise.git
│     └─ VendorName: ForbesLindesay
│
├─ Apache-2.0
│  └─ caseless@npm:0.12.0 (via npm:^0.12.0)
│     ├─ URL: https://github.com/mikeal/caseless
│     └─ VendorName: Mikeal Rogers
│
└─ UNKNOWN
   ├─ package1@workspace:packages/package1 (via workspace:packages/package1)
   └─ test-package@workspace:. (via workspace:.)
