├─ UNKNOWN
│  ├─ @flocon-trpg/api-server@workspace:apps/api-server (via workspace:apps/api-server)
│  ├─ @flocon-trpg/cache@workspace:packages/cache (via workspace:packages/cache)
│  ├─ @flocon-trpg/core@workspace:packages/core (via workspace:packages/core)
│  └─ @flocon-trpg/web-server@workspace:apps/web-server (via workspace:apps/web-server)
│
├─ MIT
│  ├─ @kizahasi/option@npm:1.1.0 (via npm:^1.1.0)
│  ├─ @kizahasi/result@npm:1.1.0 (via npm:^1.1.0)
│  ├─ @types/prop-types@npm:15.7.5 (via npm:*)
│  ├─ @types/react@npm:18.0.21 (via npm:^18.0.21)
│  ├─ @types/scheduler@npm:0.16.2 (via npm:*)
│  ├─ @zeit/schemas@npm:2.21.0 (via npm:2.21.0)
│  ├─ accepts@npm:1.3.8 (via npm:~1.3.5)
│  ├─ ajv@npm:8.11.0 (via npm:8.11.0)
│  ├─ ansi-regex@npm:5.0.1 (via npm:^5.0.1)
│  ├─ ansi-regex@npm:6.0.1 (via npm:^6.0.1)
│  ├─ ansi-styles@npm:4.3.0 (via npm:^4.1.0)
│  ├─ ansi-styles@npm:6.1.1 (via npm:^6.1.0)
│  ├─ arch@npm:2.2.0 (via npm:^2.2.0)
│  ├─ arg@npm:5.0.2 (via npm:5.0.2)
│  ├─ axios@npm:0.24.0 (via npm:^0.24.0)
│  ├─ balanced-match@npm:1.0.2 (via npm:^1.0.0)
│  ├─ boxen@npm:7.0.0 (via npm:7.0.0)
│  ├─ brace-expansion@npm:1.1.11 (via npm:^1.1.7)
│  ├─ bytes@npm:3.0.0 (via npm:3.0.0)
│  ├─ camelcase@npm:7.0.0 (via npm:^7.0.0)
│  ├─ chalk@npm:5.0.1 (via npm:^5.0.1)
│  ├─ chalk@npm:4.1.2 (via npm:^4.1.2)
│  ├─ chalk-template@npm:0.4.0 (via npm:0.4.0)
│  ├─ ci-info@npm:2.0.0 (via npm:^2.0.0)
│  ├─ cli-boxes@npm:3.0.0 (via npm:^3.0.0)
│  ├─ clipboardy@npm:3.0.0 (via npm:3.0.0)
│  ├─ color-convert@npm:2.0.1 (via npm:^2.0.1)
│  ├─ color-name@npm:1.1.4 (via npm:~1.1.4)
│  ├─ compressible@npm:2.0.18 (via npm:~2.0.16)
│  ├─ compression@npm:1.7.4 (via npm:1.7.4)
│  ├─ concat-map@npm:0.0.1 (via npm:0.0.1)
│  ├─ content-disposition@npm:0.5.2 (via npm:0.5.2)
│  ├─ cross-spawn@npm:7.0.3 (via npm:^7.0.3)
│  ├─ csstype@npm:3.1.1 (via npm:^3.0.2)
│  ├─ debug@npm:2.6.9 [e0cd6] (via npm:2.6.9 [e0cd6])
│  ├─ deep-extend@npm:0.6.0 (via npm:^0.6.0)
│  ├─ eastasianwidth@npm:0.2.0 (via npm:^0.2.0)
│  ├─ emoji-regex@npm:8.0.0 (via npm:^8.0.0)
│  ├─ emoji-regex@npm:9.2.2 (via npm:^9.2.2)
│  ├─ execa@npm:5.1.1 (via npm:^5.1.1)
│  ├─ fast-deep-equal@npm:3.1.3 (via npm:^3.1.1)
│  ├─ fast-url-parser@npm:1.1.3 (via npm:1.1.3)
│  ├─ follow-redirects@npm:1.14.8 [39e5c] (via npm:^1.14.4 [39e5c])
│  ├─ get-stream@npm:6.0.1 (via npm:^6.0.0)
│  ├─ has-flag@npm:4.0.0 (via npm:^4.0.0)
│  ├─ is-ci@npm:2.0.0 (via npm:^2.0.0)
│  ├─ is-docker@npm:2.2.1 (via npm:^2.0.0)
│  ├─ is-fullwidth-code-point@npm:3.0.0 (via npm:^3.0.0)
│  ├─ is-port-reachable@npm:4.0.0 (via npm:4.0.0)
│  ├─ is-promise@npm:3.0.0 (via npm:^3.0.0)
│  ├─ is-stream@npm:2.0.1 (via npm:^2.0.0)
│  ├─ is-wsl@npm:2.2.0 (via npm:^2.2.0)
│  ├─ js-tokens@npm:4.0.0 (via npm:^3.0.0 || ^4.0.0)
│  ├─ json-schema-traverse@npm:1.0.0 (via npm:^1.0.0)
│  ├─ loose-envify@npm:1.4.0 (via npm:^1.1.0)
│  ├─ merge-stream@npm:2.0.0 (via npm:^2.0.0)
│  ├─ mime-db@npm:1.52.0 (via npm:>= 1.43.0 < 2)
│  ├─ mime-db@npm:1.33.0 (via npm:~1.33.0)
│  ├─ mime-types@npm:2.1.18 (via npm:2.1.18)
│  ├─ mime-types@npm:2.1.35 (via npm:~2.1.34)
│  ├─ mimic-fn@npm:2.1.0 (via npm:^2.1.0)
│  ├─ minimist@npm:1.2.6 (via npm:^1.2.0)
│  ├─ ms@npm:2.0.0 (via npm:2.0.0)
│  ├─ negotiator@npm:0.6.3 (via npm:0.6.3)
│  ├─ npm-run-path@npm:4.0.1 (via npm:^4.0.1)
│  ├─ on-headers@npm:1.0.2 (via npm:~1.0.2)
│  ├─ onetime@npm:5.1.2 (via npm:^5.1.2)
│  ├─ path-key@npm:3.1.1 (via npm:^3.1.0)
│  ├─ path-to-regexp@npm:2.2.1 (via npm:2.2.1)
│  ├─ punycode@npm:1.4.1 (via npm:^1.3.2)
│  ├─ punycode@npm:2.1.1 (via npm:^2.1.0)
│  ├─ range-parser@npm:1.2.0 (via npm:1.2.0)
│  ├─ react@npm:18.2.0 (via npm:^18.2.0)
│  ├─ registry-auth-token@npm:3.3.2 (via npm:3.3.2)
│  ├─ registry-url@npm:3.1.0 (via npm:3.1.0)
│  ├─ require-from-string@npm:2.0.2 (via npm:^2.0.2)
│  ├─ safe-buffer@npm:5.1.2 (via npm:5.1.2)
│  ├─ safe-buffer@npm:5.2.1 (via npm:^5.0.1)
│  ├─ serve@npm:14.0.1 (via npm:^14.0.1)
│  ├─ serve-handler@npm:6.1.3 (via npm:6.1.3)
│  ├─ shebang-command@npm:2.0.0 (via npm:^2.0.0)
│  ├─ shebang-regex@npm:3.0.0 (via npm:^3.0.0)
│  ├─ string-width@npm:4.2.3 (via npm:^4.1.0)
│  ├─ string-width@npm:5.1.2 (via npm:^5.1.2)
│  ├─ strip-ansi@npm:6.0.1 (via npm:^6.0.1)
│  ├─ strip-ansi@npm:7.0.1 (via npm:^7.0.1)
│  ├─ strip-final-newline@npm:2.0.0 (via npm:^2.0.0)
│  ├─ strip-json-comments@npm:2.0.1 (via npm:~2.0.1)
│  ├─ supports-color@npm:7.2.0 (via npm:^7.1.0)
│  ├─ update-check@npm:1.5.4 (via npm:1.5.4)
│  ├─ vary@npm:1.1.2 (via npm:~1.1.2)
│  ├─ widest-line@npm:4.0.1 (via npm:^4.0.1)
│  └─ wrap-ansi@npm:8.0.1 (via npm:^8.0.1)
│
├─ ISC
│  ├─ ansi-align@npm:3.0.1 (via npm:^3.0.1)
│  ├─ ini@npm:1.3.8 (via npm:~1.3.0)
│  ├─ isexe@npm:2.0.0 (via npm:^2.0.0)
│  ├─ minimatch@npm:3.0.4 (via npm:3.0.4)
│  ├─ signal-exit@npm:3.0.7 (via npm:^3.0.3)
│  └─ which@npm:2.0.2 (via npm:^2.0.1)
│
├─ Apache-2.0
│  ├─ caseless@npm:0.12.0 (via npm:^0.12.0)
│  └─ human-signals@npm:2.1.0 (via npm:^2.1.0)
│
├─ (WTFPL OR MIT)
│  └─ path-is-inside@npm:1.0.2 (via npm:1.0.2)
│
├─ (BSD-2-Clause OR MIT OR Apache-2.0)
│  └─ rc@npm:1.2.8 (via npm:^1.1.6)
│
├─ (MIT OR CC0-1.0)
│  └─ type-fest@npm:2.19.0 (via npm:^2.13.0)
│
└─ BSD-2-Clause
   └─ uri-js@npm:4.4.1 (via npm:^4.2.2)
