├─ MIT
│  ├─ axios@npm:1.6.1 (via npm:^1.6.0)
│  │  ├─ URL: https://github.com/axios/axios.git
│  │  ├─ VendorName: Matt Zabriskie
│  │  └─ VendorUrl: https://axios-http.com
│  ├─ is-ci@npm:2.0.0 (via npm:^2.0.0)
│  │  ├─ URL: https://github.com/watson/is-ci.git
│  │  ├─ VendorName: Thomas Watson Steen
│  │  └─ VendorUrl: https://github.com/watson/is-ci
│  └─ is-promise@npm:3.0.0 (via npm:^3.0.0)
│     ├─ URL: https://github.com/then/is-promise.git
│     └─ VendorName: ForbesLindesay
│
└─ UNKNOWN
   └─ package1@workspace:packages/package1 (via workspace:packages/package1)
