{"value":"MIT","children":{"axios@npm:0.24.0":{"value":{"locator":"axios@npm:0.24.0","descriptor":"axios@npm:^0.24.0"},"children":{}},"has@npm:1.0.3":{"value":{"locator":"has@npm:1.0.3","descriptor":"has@npm:^1.0.3"},"children":{}},"is-ci@npm:1.2.1":{"value":{"locator":"is-ci@npm:1.2.1","descriptor":"is-ci@npm:^1.0.0"},"children":{}},"is-ci@npm:2.0.0":{"value":{"locator":"is-ci@npm:2.0.0","descriptor":"is-ci@npm:^2.0.0"},"children":{}},"is-function@npm:1.0.2":{"value":{"locator":"is-function@npm:1.0.2","descriptor":"is-function@npm:^1.0.2"},"children":{}},"is-promise@npm:3.0.0":{"value":{"locator":"is-promise@npm:3.0.0","descriptor":"is-promise@npm:^3.0.0"},"children":{}},"is-promise@npm:4.0.0":{"value":{"locator":"is-promise@npm:4.0.0","descriptor":"is-promise@npm:^4.0.0"},"children":{}}}}
{"value":"Apache-2.0","children":{"caseless@npm:0.12.0":{"value":{"locator":"caseless@npm:0.12.0","descriptor":"caseless@npm:^0.12.0"},"children":{}}}}
{"value":"UNKNOWN","children":{"package1@workspace:packages/package1":{"value":{"locator":"package1@workspace:packages/package1","descriptor":"package1@workspace:packages/package1"},"children":{}},"test-package@workspace:.":{"value":{"locator":"test-package@workspace:.","descriptor":"test-package@workspace:."},"children":{}}}}
